
CMD: C:\Users\theel\Desktop\legoPy\ffmpeg-bin\ffmpeg.exe -y -f concat -safe 0 -i C:\Users\theel\AppData\Local\Temp\tmpqp3u98kj\files.txt -c copy C:\Users\theel\AppData\Local\Temp\tmpqp3u98kj\merged.mp4
RET: 0
OUT: 
ERR: ffmpeg version 2025-09-25-git-9970dc32bf-essentials_build-www.gyan.dev Copyright (c) 2000-2025 the FFmpeg developers
  built with gcc 15.2.0 (Rev8, Built by MSYS2 project)
  configuration: --enable-gpl --enable-version3 --enable-static --disable-w32threads --disable-autodetect --enable-fontconfig --enable-iconv --enable-gnutls --enable-libxml2 --enable-gmp --enable-bzlib --enable-lzma --enable-zlib --enable-libsrt --enable-libssh --enable-libzmq --enable-avisynth --enable-sdl2 --enable-libwebp --enable-libx264 --enable-libx265 --enable-libxvid --enable-libaom --enable-libopenjpeg --enable-libvpx --enable-mediafoundation --enable-libass --enable-libfreetype --enable-libfribidi --enable-libharfbuzz --enable-libvidstab --enable-libvmaf --enable-libzimg --enable-amf --enable-cuda-llvm --enable-cuvid --enable-dxva2 --enable-d3d11va --enable-d3d12va --enable-ffnvcodec --enable-libvpl --enable-nvdec --enable-nvenc --enable-vaapi --enable-openal --enable-libgme --enable-libopenmpt --enable-libopencore-amrwb --enable-libmp3lame --enable-libtheora --enable-libvo-amrwbenc --enable-libgsm --enable-libopencore-amrnb --enable-libopus --enable-libspeex --enable-libvorbis --enable-librubberband
  libavutil      60. 13.100 / 60. 13.100
  libavcodec     62. 16.100 / 62. 16.100
  libavformat    62.  6.100 / 62.  6.100
  libavdevice    62.  2.100 / 62.  2.100
  libavfilter    11.  9.100 / 11.  9.100
  libswscale      9.  3.100 /  9.  3.100
  libswresample   6.  2.100 /  6.  2.100
[mov,mp4,m4a,3gp,3g2,mj2 @ 000001d702da1980] Auto-inserting h264_mp4toannexb bitstream filter
Input #0, concat, from 'C:\Users\theel\AppData\Local\Temp\tmpqp3u98kj\files.txt':
  Duration: N/A, start: 0.000000, bitrate: 6690 kb/s
  Stream #0:0(eng): Video: h264 (High) (avc1 / 0x31637661), yuv420p(progressive), 1920x1080 [SAR 1:1 DAR 16:9], 6373 kb/s, 50 fps, 50 tbr, 50k tbn
    Metadata:
      creation_time   : 2025-09-16T09:48:53.000000Z
      handler_name    : ?Mainconcept Video Media Handler
      vendor_id       : [0][0][0][0]
      encoder         : AVC Coding
  Stream #0:1(eng): Audio: aac (LC) (mp4a / 0x6134706D), 48000 Hz, stereo, fltp, 317 kb/s
    Metadata:
      creation_time   : 2025-09-16T09:48:53.000000Z
      handler_name    : #Mainconcept MP4 Sound Media Handler
      vendor_id       : [0][0][0][0]
Stream mapping:
  Stream #0:0 -> #0:0 (copy)
  Stream #0:1 -> #0:1 (copy)
Output #0, mp4, to 'C:\Users\theel\AppData\Local\Temp\tmpqp3u98kj\merged.mp4':
  Metadata:
    encoder         : Lavf62.6.100
  Stream #0:0(eng): Video: h264 (High) (avc1 / 0x31637661), yuv420p(progressive), 1920x1080 [SAR 1:1 DAR 16:9], q=2-31, 6373 kb/s, 50 fps, 50 tbr, 50k tbn
    Metadata:
      creation_time   : 2025-09-16T09:48:53.000000Z
      handler_name    : ?Mainconcept Video Media Handler
      vendor_id       : [0][0][0][0]
      encoder         : AVC Coding
  Stream #0:1(eng): Audio: aac (LC) (mp4a / 0x6134706D), 48000 Hz, stereo, fltp, 317 kb/s
    Metadata:
      creation_time   : 2025-09-16T09:48:53.000000Z
      handler_name    : #Mainconcept MP4 Sound Media Handler
      vendor_id       : [0][0][0][0]
Press [q] to stop, [?] for help
[mov,mp4,m4a,3gp,3g2,mj2 @ 000001d70405bd40] Auto-inserting h264_mp4toannexb bitstream filter
[mov,mp4,m4a,3gp,3g2,mj2 @ 000001d702e3d180] Auto-inserting h264_mp4toannexb bitstream filter
frame=14847 fps=0.0 q=-1.0 size=  243200KiB time=00:04:56.76 bitrate=6713.5kbits/s speed= 573x elapsed=0:00:00.51    
[mov,mp4,m4a,3gp,3g2,mj2 @ 000001d702da29c0] Auto-inserting h264_mp4toannexb bitstream filter
    Last message repeated 2 times
frame=26669 fps=25835 q=-1.0 size=  436736KiB time=00:08:53.38 bitrate=6707.7kbits/s speed= 517x elapsed=0:00:01.03    
[mov,mp4,m4a,3gp,3g2,mj2 @ 000001d702da29c0] Auto-inserting h264_mp4toannexb bitstream filter
    Last message repeated 2 times
frame=40106 fps=25949 q=-1.0 size=  656640KiB time=00:13:22.12 bitrate=6706.2kbits/s speed= 519x elapsed=0:00:01.54    
[mov,mp4,m4a,3gp,3g2,mj2 @ 000001d702da29c0] Auto-inserting h264_mp4toannexb bitstream filter
[out#0/mp4 @ 000001d702e5ee80] video:742377KiB audio:36881KiB subtitle:0KiB other streams:0KiB global headers:0KiB muxing overhead: 0.106862%
frame=47596 fps=26328 q=-1.0 Lsize=  780091KiB time=00:15:51.92 bitrate=6713.3kbits/s speed= 527x elapsed=0:00:01.80    


CMD: C:\Users\theel\Desktop\legoPy\ffmpeg-bin\ffmpeg.exe -y -f concat -safe 0 -i C:\Users\theel\AppData\Local\Temp\tmplc_uv8n2\files.txt -c copy C:\Users\theel\AppData\Local\Temp\tmplc_uv8n2\merged.mp4
RET: 0
OUT: 
ERR: ffmpeg version 2025-09-25-git-9970dc32bf-essentials_build-www.gyan.dev Copyright (c) 2000-2025 the FFmpeg developers
  built with gcc 15.2.0 (Rev8, Built by MSYS2 project)
  configuration: --enable-gpl --enable-version3 --enable-static --disable-w32threads --disable-autodetect --enable-fontconfig --enable-iconv --enable-gnutls --enable-libxml2 --enable-gmp --enable-bzlib --enable-lzma --enable-zlib --enable-libsrt --enable-libssh --enable-libzmq --enable-avisynth --enable-sdl2 --enable-libwebp --enable-libx264 --enable-libx265 --enable-libxvid --enable-libaom --enable-libopenjpeg --enable-libvpx --enable-mediafoundation --enable-libass --enable-libfreetype --enable-libfribidi --enable-libharfbuzz --enable-libvidstab --enable-libvmaf --enable-libzimg --enable-amf --enable-cuda-llvm --enable-cuvid --enable-dxva2 --enable-d3d11va --enable-d3d12va --enable-ffnvcodec --enable-libvpl --enable-nvdec --enable-nvenc --enable-vaapi --enable-openal --enable-libgme --enable-libopenmpt --enable-libopencore-amrwb --enable-libmp3lame --enable-libtheora --enable-libvo-amrwbenc --enable-libgsm --enable-libopencore-amrnb --enable-libopus --enable-libspeex --enable-libvorbis --enable-librubberband
  libavutil      60. 13.100 / 60. 13.100
  libavcodec     62. 16.100 / 62. 16.100
  libavformat    62.  6.100 / 62.  6.100
  libavdevice    62.  2.100 / 62.  2.100
  libavfilter    11.  9.100 / 11.  9.100
  libswscale      9.  3.100 /  9.  3.100
  libswresample   6.  2.100 /  6.  2.100
[mov,mp4,m4a,3gp,3g2,mj2 @ 0000027105201980] Auto-inserting h264_mp4toannexb bitstream filter
Input #0, concat, from 'C:\Users\theel\AppData\Local\Temp\tmplc_uv8n2\files.txt':
  Duration: N/A, start: 0.000000, bitrate: 6690 kb/s
  Stream #0:0(eng): Video: h264 (High) (avc1 / 0x31637661), yuv420p(progressive), 1920x1080 [SAR 1:1 DAR 16:9], 6373 kb/s, 50 fps, 50 tbr, 50k tbn
    Metadata:
      creation_time   : 2025-09-16T09:48:53.000000Z
      handler_name    : ?Mainconcept Video Media Handler
      vendor_id       : [0][0][0][0]
      encoder         : AVC Coding
  Stream #0:1(eng): Audio: aac (LC) (mp4a / 0x6134706D), 48000 Hz, stereo, fltp, 317 kb/s
    Metadata:
      creation_time   : 2025-09-16T09:48:53.000000Z
      handler_name    : #Mainconcept MP4 Sound Media Handler
      vendor_id       : [0][0][0][0]
Stream mapping:
  Stream #0:0 -> #0:0 (copy)
  Stream #0:1 -> #0:1 (copy)
Output #0, mp4, to 'C:\Users\theel\AppData\Local\Temp\tmplc_uv8n2\merged.mp4':
  Metadata:
    encoder         : Lavf62.6.100
  Stream #0:0(eng): Video: h264 (High) (avc1 / 0x31637661), yuv420p(progressive), 1920x1080 [SAR 1:1 DAR 16:9], q=2-31, 6373 kb/s, 50 fps, 50 tbr, 50k tbn
    Metadata:
      creation_time   : 2025-09-16T09:48:53.000000Z
      handler_name    : ?Mainconcept Video Media Handler
      vendor_id       : [0][0][0][0]
      encoder         : AVC Coding
  Stream #0:1(eng): Audio: aac (LC) (mp4a / 0x6134706D), 48000 Hz, stereo, fltp, 317 kb/s
    Metadata:
      creation_time   : 2025-09-16T09:48:53.000000Z
      handler_name    : #Mainconcept MP4 Sound Media Handler
      vendor_id       : [0][0][0][0]
Press [q] to stop, [?] for help
[mov,mp4,m4a,3gp,3g2,mj2 @ 000002710658bd40] Auto-inserting h264_mp4toannexb bitstream filter
    Last message repeated 2 times
frame=15028 fps=0.0 q=-1.0 size=  244480KiB time=00:05:00.17 bitrate=6672.1kbits/s speed= 586x elapsed=0:00:00.51    
[mov,mp4,m4a,3gp,3g2,mj2 @ 000002710658bd40] Auto-inserting h264_mp4toannexb bitstream filter
    Last message repeated 2 times
frame=29358 fps=28878 q=-1.0 size=  480512KiB time=00:09:47.10 bitrate=6704.7kbits/s speed= 578x elapsed=0:00:01.01    
[mov,mp4,m4a,3gp,3g2,mj2 @ 000002710658bd40] Auto-inserting h264_mp4toannexb bitstream filter
    Last message repeated 2 times
[out#0/mp4 @ 00000271052bee80] video:742377KiB audio:36881KiB subtitle:0KiB other streams:0KiB global headers:0KiB muxing overhead: 0.106862%
frame=47596 fps=31301 q=-1.0 Lsize=  780091KiB time=00:15:51.92 bitrate=6713.3kbits/s speed= 626x elapsed=0:00:01.52    


CMD: C:\Users\theel\Desktop\legoPy\ffmpeg-bin\ffmpeg.exe -y -f concat -safe 0 -i C:\Users\theel\AppData\Local\Temp\tmpfbxl053f\files.txt -c copy C:\Users\theel\AppData\Local\Temp\tmpfbxl053f\merged.mp4
RET: 0
OUT: 
ERR: ffmpeg version 2025-09-25-git-9970dc32bf-essentials_build-www.gyan.dev Copyright (c) 2000-2025 the FFmpeg developers
  built with gcc 15.2.0 (Rev8, Built by MSYS2 project)
  configuration: --enable-gpl --enable-version3 --enable-static --disable-w32threads --disable-autodetect --enable-fontconfig --enable-iconv --enable-gnutls --enable-libxml2 --enable-gmp --enable-bzlib --enable-lzma --enable-zlib --enable-libsrt --enable-libssh --enable-libzmq --enable-avisynth --enable-sdl2 --enable-libwebp --enable-libx264 --enable-libx265 --enable-libxvid --enable-libaom --enable-libopenjpeg --enable-libvpx --enable-mediafoundation --enable-libass --enable-libfreetype --enable-libfribidi --enable-libharfbuzz --enable-libvidstab --enable-libvmaf --enable-libzimg --enable-amf --enable-cuda-llvm --enable-cuvid --enable-dxva2 --enable-d3d11va --enable-d3d12va --enable-ffnvcodec --enable-libvpl --enable-nvdec --enable-nvenc --enable-vaapi --enable-openal --enable-libgme --enable-libopenmpt --enable-libopencore-amrwb --enable-libmp3lame --enable-libtheora --enable-libvo-amrwbenc --enable-libgsm --enable-libopencore-amrnb --enable-libopus --enable-libspeex --enable-libvorbis --enable-librubberband
  libavutil      60. 13.100 / 60. 13.100
  libavcodec     62. 16.100 / 62. 16.100
  libavformat    62.  6.100 / 62.  6.100
  libavdevice    62.  2.100 / 62.  2.100
  libavfilter    11.  9.100 / 11.  9.100
  libswscale      9.  3.100 /  9.  3.100
  libswresample   6.  2.100 /  6.  2.100
[mov,mp4,m4a,3gp,3g2,mj2 @ 000002677cfa1980] Auto-inserting h264_mp4toannexb bitstream filter
Input #0, concat, from 'C:\Users\theel\AppData\Local\Temp\tmpfbxl053f\files.txt':
  Duration: N/A, start: 0.000000, bitrate: 6690 kb/s
  Stream #0:0(eng): Video: h264 (High) (avc1 / 0x31637661), yuv420p(progressive), 1920x1080 [SAR 1:1 DAR 16:9], 6373 kb/s, 50 fps, 50 tbr, 50k tbn
    Metadata:
      creation_time   : 2025-09-16T09:48:53.000000Z
      handler_name    : ?Mainconcept Video Media Handler
      vendor_id       : [0][0][0][0]
      encoder         : AVC Coding
  Stream #0:1(eng): Audio: aac (LC) (mp4a / 0x6134706D), 48000 Hz, stereo, fltp, 317 kb/s
    Metadata:
      creation_time   : 2025-09-16T09:48:53.000000Z
      handler_name    : #Mainconcept MP4 Sound Media Handler
      vendor_id       : [0][0][0][0]
Stream mapping:
  Stream #0:0 -> #0:0 (copy)
  Stream #0:1 -> #0:1 (copy)
Output #0, mp4, to 'C:\Users\theel\AppData\Local\Temp\tmpfbxl053f\merged.mp4':
  Metadata:
    encoder         : Lavf62.6.100
  Stream #0:0(eng): Video: h264 (High) (avc1 / 0x31637661), yuv420p(progressive), 1920x1080 [SAR 1:1 DAR 16:9], q=2-31, 6373 kb/s, 50 fps, 50 tbr, 50k tbn
    Metadata:
      creation_time   : 2025-09-16T09:48:53.000000Z
      handler_name    : ?Mainconcept Video Media Handler
      vendor_id       : [0][0][0][0]
      encoder         : AVC Coding
  Stream #0:1(eng): Audio: aac (LC) (mp4a / 0x6134706D), 48000 Hz, stereo, fltp, 317 kb/s
    Metadata:
      creation_time   : 2025-09-16T09:48:53.000000Z
      handler_name    : #Mainconcept MP4 Sound Media Handler
      vendor_id       : [0][0][0][0]
Press [q] to stop, [?] for help
[mov,mp4,m4a,3gp,3g2,mj2 @ 000002677e33bd40] Auto-inserting h264_mp4toannexb bitstream filter
    Last message repeated 3 times
frame=17504 fps=0.0 q=-1.0 size=  286720KiB time=00:05:49.79 bitrate=6714.8kbits/s speed= 688x elapsed=0:00:00.50    
[mov,mp4,m4a,3gp,3g2,mj2 @ 000002677e33bd40] Auto-inserting h264_mp4toannexb bitstream filter
    Last message repeated 2 times
frame=35733 fps=34799 q=-1.0 size=  584704KiB time=00:11:54.52 bitrate=6703.7kbits/s speed= 696x elapsed=0:00:01.02    
[mov,mp4,m4a,3gp,3g2,mj2 @ 000002677e33bd40] Auto-inserting h264_mp4toannexb bitstream filter
    Last message repeated 1 times
[out#0/mp4 @ 000002677d05ee80] video:742377KiB audio:36881KiB subtitle:0KiB other streams:0KiB global headers:0KiB muxing overhead: 0.106862%
frame=47596 fps=35195 q=-1.0 Lsize=  780091KiB time=00:15:51.92 bitrate=6713.3kbits/s speed= 704x elapsed=0:00:01.35    


CMD: C:\Users\theel\Desktop\legoPy\ffmpeg-bin\ffmpeg.exe -y -f concat -safe 0 -i C:\Users\theel\AppData\Local\Temp\tmpqe_gzwr1\files.txt -c copy C:\Users\theel\AppData\Local\Temp\tmpqe_gzwr1\merged.mp4
RET: 0
OUT: 
ERR: ffmpeg version 2025-09-25-git-9970dc32bf-essentials_build-www.gyan.dev Copyright (c) 2000-2025 the FFmpeg developers
  built with gcc 15.2.0 (Rev8, Built by MSYS2 project)
  configuration: --enable-gpl --enable-version3 --enable-static --disable-w32threads --disable-autodetect --enable-fontconfig --enable-iconv --enable-gnutls --enable-libxml2 --enable-gmp --enable-bzlib --enable-lzma --enable-zlib --enable-libsrt --enable-libssh --enable-libzmq --enable-avisynth --enable-sdl2 --enable-libwebp --enable-libx264 --enable-libx265 --enable-libxvid --enable-libaom --enable-libopenjpeg --enable-libvpx --enable-mediafoundation --enable-libass --enable-libfreetype --enable-libfribidi --enable-libharfbuzz --enable-libvidstab --enable-libvmaf --enable-libzimg --enable-amf --enable-cuda-llvm --enable-cuvid --enable-dxva2 --enable-d3d11va --enable-d3d12va --enable-ffnvcodec --enable-libvpl --enable-nvdec --enable-nvenc --enable-vaapi --enable-openal --enable-libgme --enable-libopenmpt --enable-libopencore-amrwb --enable-libmp3lame --enable-libtheora --enable-libvo-amrwbenc --enable-libgsm --enable-libopencore-amrnb --enable-libopus --enable-libspeex --enable-libvorbis --enable-librubberband
  libavutil      60. 13.100 / 60. 13.100
  libavcodec     62. 16.100 / 62. 16.100
  libavformat    62.  6.100 / 62.  6.100
  libavdevice    62.  2.100 / 62.  2.100
  libavfilter    11.  9.100 / 11.  9.100
  libswscale      9.  3.100 /  9.  3.100
  libswresample   6.  2.100 /  6.  2.100
[mov,mp4,m4a,3gp,3g2,mj2 @ 0000018432b61980] Auto-inserting h264_mp4toannexb bitstream filter
Input #0, concat, from 'C:\Users\theel\AppData\Local\Temp\tmpqe_gzwr1\files.txt':
  Duration: N/A, start: 0.000000, bitrate: 6690 kb/s
  Stream #0:0(eng): Video: h264 (High) (avc1 / 0x31637661), yuv420p(progressive), 1920x1080 [SAR 1:1 DAR 16:9], 6373 kb/s, 50 fps, 50 tbr, 50k tbn
    Metadata:
      creation_time   : 2025-09-16T09:48:53.000000Z
      handler_name    : ?Mainconcept Video Media Handler
      vendor_id       : [0][0][0][0]
      encoder         : AVC Coding
  Stream #0:1(eng): Audio: aac (LC) (mp4a / 0x6134706D), 48000 Hz, stereo, fltp, 317 kb/s
    Metadata:
      creation_time   : 2025-09-16T09:48:53.000000Z
      handler_name    : #Mainconcept MP4 Sound Media Handler
      vendor_id       : [0][0][0][0]
Stream mapping:
  Stream #0:0 -> #0:0 (copy)
  Stream #0:1 -> #0:1 (copy)
Output #0, mp4, to 'C:\Users\theel\AppData\Local\Temp\tmpqe_gzwr1\merged.mp4':
  Metadata:
    encoder         : Lavf62.6.100
  Stream #0:0(eng): Video: h264 (High) (avc1 / 0x31637661), yuv420p(progressive), 1920x1080 [SAR 1:1 DAR 16:9], q=2-31, 6373 kb/s, 50 fps, 50 tbr, 50k tbn
    Metadata:
      creation_time   : 2025-09-16T09:48:53.000000Z
      handler_name    : ?Mainconcept Video Media Handler
      vendor_id       : [0][0][0][0]
      encoder         : AVC Coding
  Stream #0:1(eng): Audio: aac (LC) (mp4a / 0x6134706D), 48000 Hz, stereo, fltp, 317 kb/s
    Metadata:
      creation_time   : 2025-09-16T09:48:53.000000Z
      handler_name    : #Mainconcept MP4 Sound Media Handler
      vendor_id       : [0][0][0][0]
Press [q] to stop, [?] for help
[mov,mp4,m4a,3gp,3g2,mj2 @ 0000018433ebbd40] Auto-inserting h264_mp4toannexb bitstream filter
    Last message repeated 3 times
frame=17822 fps=0.0 q=-1.0 size=  291328KiB time=00:05:56.12 bitrate=6701.5kbits/s speed= 686x elapsed=0:00:00.51    
[mov,mp4,m4a,3gp,3g2,mj2 @ 0000018433ebbd40] Auto-inserting h264_mp4toannexb bitstream filter
    Last message repeated 2 times
frame=36774 fps=35523 q=-1.0 size=  601600KiB time=00:12:15.37 bitrate=6701.8kbits/s speed= 710x elapsed=0:00:01.03    
[mov,mp4,m4a,3gp,3g2,mj2 @ 0000018433ebbd40] Auto-inserting h264_mp4toannexb bitstream filter
    Last message repeated 1 times
[out#0/mp4 @ 0000018432c1ee80] video:742377KiB audio:36881KiB subtitle:0KiB other streams:0KiB global headers:0KiB muxing overhead: 0.106862%
frame=47596 fps=35592 q=-1.0 Lsize=  780091KiB time=00:15:51.92 bitrate=6713.3kbits/s speed= 712x elapsed=0:00:01.33    


CMD: C:\Users\theel\Desktop\legoPy\ffmpeg-bin\ffmpeg.exe -y -f concat -safe 0 -i C:\Users\theel\AppData\Local\Temp\tmp9taey4ur\files.txt -c copy C:\Users\theel\AppData\Local\Temp\tmp9taey4ur\merged.mp4
RET: 0
OUT: 
ERR: ffmpeg version 2025-09-25-git-9970dc32bf-essentials_build-www.gyan.dev Copyright (c) 2000-2025 the FFmpeg developers
  built with gcc 15.2.0 (Rev8, Built by MSYS2 project)
  configuration: --enable-gpl --enable-version3 --enable-static --disable-w32threads --disable-autodetect --enable-fontconfig --enable-iconv --enable-gnutls --enable-libxml2 --enable-gmp --enable-bzlib --enable-lzma --enable-zlib --enable-libsrt --enable-libssh --enable-libzmq --enable-avisynth --enable-sdl2 --enable-libwebp --enable-libx264 --enable-libx265 --enable-libxvid --enable-libaom --enable-libopenjpeg --enable-libvpx --enable-mediafoundation --enable-libass --enable-libfreetype --enable-libfribidi --enable-libharfbuzz --enable-libvidstab --enable-libvmaf --enable-libzimg --enable-amf --enable-cuda-llvm --enable-cuvid --enable-dxva2 --enable-d3d11va --enable-d3d12va --enable-ffnvcodec --enable-libvpl --enable-nvdec --enable-nvenc --enable-vaapi --enable-openal --enable-libgme --enable-libopenmpt --enable-libopencore-amrwb --enable-libmp3lame --enable-libtheora --enable-libvo-amrwbenc --enable-libgsm --enable-libopencore-amrnb --enable-libopus --enable-libspeex --enable-libvorbis --enable-librubberband
  libavutil      60. 13.100 / 60. 13.100
  libavcodec     62. 16.100 / 62. 16.100
  libavformat    62.  6.100 / 62.  6.100
  libavdevice    62.  2.100 / 62.  2.100
  libavfilter    11.  9.100 / 11.  9.100
  libswscale      9.  3.100 /  9.  3.100
  libswresample   6.  2.100 /  6.  2.100
[mov,mp4,m4a,3gp,3g2,mj2 @ 00000275a4a71980] Auto-inserting h264_mp4toannexb bitstream filter
Input #0, concat, from 'C:\Users\theel\AppData\Local\Temp\tmp9taey4ur\files.txt':
  Duration: N/A, start: 0.000000, bitrate: 6690 kb/s
  Stream #0:0(eng): Video: h264 (High) (avc1 / 0x31637661), yuv420p(progressive), 1920x1080 [SAR 1:1 DAR 16:9], 6373 kb/s, 50 fps, 50 tbr, 50k tbn
    Metadata:
      creation_time   : 2025-09-16T09:48:53.000000Z
      handler_name    : ?Mainconcept Video Media Handler
      vendor_id       : [0][0][0][0]
      encoder         : AVC Coding
  Stream #0:1(eng): Audio: aac (LC) (mp4a / 0x6134706D), 48000 Hz, stereo, fltp, 317 kb/s
    Metadata:
      creation_time   : 2025-09-16T09:48:53.000000Z
      handler_name    : #Mainconcept MP4 Sound Media Handler
      vendor_id       : [0][0][0][0]
Stream mapping:
  Stream #0:0 -> #0:0 (copy)
  Stream #0:1 -> #0:1 (copy)
Output #0, mp4, to 'C:\Users\theel\AppData\Local\Temp\tmp9taey4ur\merged.mp4':
  Metadata:
    encoder         : Lavf62.6.100
  Stream #0:0(eng): Video: h264 (High) (avc1 / 0x31637661), yuv420p(progressive), 1920x1080 [SAR 1:1 DAR 16:9], q=2-31, 6373 kb/s, 50 fps, 50 tbr, 50k tbn
    Metadata:
      creation_time   : 2025-09-16T09:48:53.000000Z
      handler_name    : ?Mainconcept Video Media Handler
      vendor_id       : [0][0][0][0]
      encoder         : AVC Coding
  Stream #0:1(eng): Audio: aac (LC) (mp4a / 0x6134706D), 48000 Hz, stereo, fltp, 317 kb/s
    Metadata:
      creation_time   : 2025-09-16T09:48:53.000000Z
      handler_name    : #Mainconcept MP4 Sound Media Handler
      vendor_id       : [0][0][0][0]
Press [q] to stop, [?] for help
[mov,mp4,m4a,3gp,3g2,mj2 @ 00000275a4acec40] Auto-inserting h264_mp4toannexb bitstream filter
    Last message repeated 2 times
frame=17832 fps=0.0 q=-1.0 size=  291328KiB time=00:05:56.64 bitrate=6691.8kbits/s speed= 702x elapsed=0:00:00.50    
[mov,mp4,m4a,3gp,3g2,mj2 @ 00000275a4acec40] Auto-inserting h264_mp4toannexb bitstream filter
    Last message repeated 3 times
frame=35318 fps=34456 q=-1.0 size=  578048KiB time=00:11:46.22 bitrate=6705.2kbits/s speed= 689x elapsed=0:00:01.02    
[mov,mp4,m4a,3gp,3g2,mj2 @ 00000275a4acec40] Auto-inserting h264_mp4toannexb bitstream filter
    Last message repeated 1 times
[out#0/mp4 @ 00000275a4b2ee80] video:742377KiB audio:36881KiB subtitle:0KiB other streams:0KiB global headers:0KiB muxing overhead: 0.106862%
frame=47596 fps=34907 q=-1.0 Lsize=  780091KiB time=00:15:51.92 bitrate=6713.3kbits/s speed= 698x elapsed=0:00:01.36    


CMD: C:\Users\theel\Desktop\legoPy\ffmpeg-bin\ffmpeg.exe -y -f concat -safe 0 -i C:\Users\theel\AppData\Local\Temp\tmp3gc8odog\files.txt -c copy C:\Users\theel\AppData\Local\Temp\tmp3gc8odog\merged.mp4
RET: 0
OUT: 
ERR: ffmpeg version 2025-09-25-git-9970dc32bf-essentials_build-www.gyan.dev Copyright (c) 2000-2025 the FFmpeg developers
  built with gcc 15.2.0 (Rev8, Built by MSYS2 project)
  configuration: --enable-gpl --enable-version3 --enable-static --disable-w32threads --disable-autodetect --enable-fontconfig --enable-iconv --enable-gnutls --enable-libxml2 --enable-gmp --enable-bzlib --enable-lzma --enable-zlib --enable-libsrt --enable-libssh --enable-libzmq --enable-avisynth --enable-sdl2 --enable-libwebp --enable-libx264 --enable-libx265 --enable-libxvid --enable-libaom --enable-libopenjpeg --enable-libvpx --enable-mediafoundation --enable-libass --enable-libfreetype --enable-libfribidi --enable-libharfbuzz --enable-libvidstab --enable-libvmaf --enable-libzimg --enable-amf --enable-cuda-llvm --enable-cuvid --enable-dxva2 --enable-d3d11va --enable-d3d12va --enable-ffnvcodec --enable-libvpl --enable-nvdec --enable-nvenc --enable-vaapi --enable-openal --enable-libgme --enable-libopenmpt --enable-libopencore-amrwb --enable-libmp3lame --enable-libtheora --enable-libvo-amrwbenc --enable-libgsm --enable-libopencore-amrnb --enable-libopus --enable-libspeex --enable-libvorbis --enable-librubberband
  libavutil      60. 13.100 / 60. 13.100
  libavcodec     62. 16.100 / 62. 16.100
  libavformat    62.  6.100 / 62.  6.100
  libavdevice    62.  2.100 / 62.  2.100
  libavfilter    11.  9.100 / 11.  9.100
  libswscale      9.  3.100 /  9.  3.100
  libswresample   6.  2.100 /  6.  2.100
[mov,mp4,m4a,3gp,3g2,mj2 @ 00000139fe7b1980] Auto-inserting h264_mp4toannexb bitstream filter
Input #0, concat, from 'C:\Users\theel\AppData\Local\Temp\tmp3gc8odog\files.txt':
  Duration: N/A, start: 0.000000, bitrate: 6690 kb/s
  Stream #0:0(eng): Video: h264 (High) (avc1 / 0x31637661), yuv420p(progressive), 1920x1080 [SAR 1:1 DAR 16:9], 6373 kb/s, 50 fps, 50 tbr, 50k tbn
    Metadata:
      creation_time   : 2025-09-16T09:48:53.000000Z
      handler_name    : ?Mainconcept Video Media Handler
      vendor_id       : [0][0][0][0]
      encoder         : AVC Coding
  Stream #0:1(eng): Audio: aac (LC) (mp4a / 0x6134706D), 48000 Hz, stereo, fltp, 317 kb/s
    Metadata:
      creation_time   : 2025-09-16T09:48:53.000000Z
      handler_name    : #Mainconcept MP4 Sound Media Handler
      vendor_id       : [0][0][0][0]
Stream mapping:
  Stream #0:0 -> #0:0 (copy)
  Stream #0:1 -> #0:1 (copy)
Output #0, mp4, to 'C:\Users\theel\AppData\Local\Temp\tmp3gc8odog\merged.mp4':
  Metadata:
    encoder         : Lavf62.6.100
  Stream #0:0(eng): Video: h264 (High) (avc1 / 0x31637661), yuv420p(progressive), 1920x1080 [SAR 1:1 DAR 16:9], q=2-31, 6373 kb/s, 50 fps, 50 tbr, 50k tbn
    Metadata:
      creation_time   : 2025-09-16T09:48:53.000000Z
      handler_name    : ?Mainconcept Video Media Handler
      vendor_id       : [0][0][0][0]
      encoder         : AVC Coding
  Stream #0:1(eng): Audio: aac (LC) (mp4a / 0x6134706D), 48000 Hz, stereo, fltp, 317 kb/s
    Metadata:
      creation_time   : 2025-09-16T09:48:53.000000Z
      handler_name    : #Mainconcept MP4 Sound Media Handler
      vendor_id       : [0][0][0][0]
Press [q] to stop, [?] for help
[mov,mp4,m4a,3gp,3g2,mj2 @ 00000139ffa6bd40] Auto-inserting h264_mp4toannexb bitstream filter
[mov,mp4,m4a,3gp,3g2,mj2 @ 00000139fe84c4c0] Auto-inserting h264_mp4toannexb bitstream filter
[mov,mp4,m4a,3gp,3g2,mj2 @ 00000139fe9df340] Auto-inserting h264_mp4toannexb bitstream filter
frame=18646 fps=0.0 q=-1.0 size=  304384KiB time=00:06:12.72 bitrate=6690.0kbits/s speed= 723x elapsed=0:00:00.51    
[mov,mp4,m4a,3gp,3g2,mj2 @ 00000139fe9df340] Auto-inserting h264_mp4toannexb bitstream filter
    Last message repeated 3 times
frame=36772 fps=35447 q=-1.0 size=  601600KiB time=00:12:15.32 bitrate=6702.3kbits/s speed= 709x elapsed=0:00:01.03    
[mov,mp4,m4a,3gp,3g2,mj2 @ 00000139fee6c700] Auto-inserting h264_mp4toannexb bitstream filter
    Last message repeated 1 times
[out#0/mp4 @ 00000139fe86ee80] video:742377KiB audio:36881KiB subtitle:0KiB other streams:0KiB global headers:0KiB muxing overhead: 0.106862%
frame=47596 fps=35078 q=-1.0 Lsize=  780091KiB time=00:15:51.92 bitrate=6713.3kbits/s speed= 702x elapsed=0:00:01.35    


CMD: C:\Users\theel\Desktop\legoPy\ffmpeg-bin\ffmpeg.exe -y -f concat -safe 0 -i C:\Users\theel\AppData\Local\Temp\tmp77nmudl9\files.txt -c copy C:\Users\theel\AppData\Local\Temp\tmp77nmudl9\merged.mp4
RET: 0
OUT: 
ERR: ffmpeg version 2025-09-25-git-9970dc32bf-essentials_build-www.gyan.dev Copyright (c) 2000-2025 the FFmpeg developers
  built with gcc 15.2.0 (Rev8, Built by MSYS2 project)
  configuration: --enable-gpl --enable-version3 --enable-static --disable-w32threads --disable-autodetect --enable-fontconfig --enable-iconv --enable-gnutls --enable-libxml2 --enable-gmp --enable-bzlib --enable-lzma --enable-zlib --enable-libsrt --enable-libssh --enable-libzmq --enable-avisynth --enable-sdl2 --enable-libwebp --enable-libx264 --enable-libx265 --enable-libxvid --enable-libaom --enable-libopenjpeg --enable-libvpx --enable-mediafoundation --enable-libass --enable-libfreetype --enable-libfribidi --enable-libharfbuzz --enable-libvidstab --enable-libvmaf --enable-libzimg --enable-amf --enable-cuda-llvm --enable-cuvid --enable-dxva2 --enable-d3d11va --enable-d3d12va --enable-ffnvcodec --enable-libvpl --enable-nvdec --enable-nvenc --enable-vaapi --enable-openal --enable-libgme --enable-libopenmpt --enable-libopencore-amrwb --enable-libmp3lame --enable-libtheora --enable-libvo-amrwbenc --enable-libgsm --enable-libopencore-amrnb --enable-libopus --enable-libspeex --enable-libvorbis --enable-librubberband
  libavutil      60. 13.100 / 60. 13.100
  libavcodec     62. 16.100 / 62. 16.100
  libavformat    62.  6.100 / 62.  6.100
  libavdevice    62.  2.100 / 62.  2.100
  libavfilter    11.  9.100 / 11.  9.100
  libswscale      9.  3.100 /  9.  3.100
  libswresample   6.  2.100 /  6.  2.100
[mov,mp4,m4a,3gp,3g2,mj2 @ 000001b9dd1b1980] Auto-inserting h264_mp4toannexb bitstream filter
Input #0, concat, from 'C:\Users\theel\AppData\Local\Temp\tmp77nmudl9\files.txt':
  Duration: N/A, start: 0.000000, bitrate: 6690 kb/s
  Stream #0:0(eng): Video: h264 (High) (avc1 / 0x31637661), yuv420p(progressive), 1920x1080 [SAR 1:1 DAR 16:9], 6373 kb/s, 50 fps, 50 tbr, 50k tbn
    Metadata:
      creation_time   : 2025-09-16T09:48:53.000000Z
      handler_name    : ?Mainconcept Video Media Handler
      vendor_id       : [0][0][0][0]
      encoder         : AVC Coding
  Stream #0:1(eng): Audio: aac (LC) (mp4a / 0x6134706D), 48000 Hz, stereo, fltp, 317 kb/s
    Metadata:
      creation_time   : 2025-09-16T09:48:53.000000Z
      handler_name    : #Mainconcept MP4 Sound Media Handler
      vendor_id       : [0][0][0][0]
Stream mapping:
  Stream #0:0 -> #0:0 (copy)
  Stream #0:1 -> #0:1 (copy)
Output #0, mp4, to 'C:\Users\theel\AppData\Local\Temp\tmp77nmudl9\merged.mp4':
  Metadata:
    encoder         : Lavf62.6.100
  Stream #0:0(eng): Video: h264 (High) (avc1 / 0x31637661), yuv420p(progressive), 1920x1080 [SAR 1:1 DAR 16:9], q=2-31, 6373 kb/s, 50 fps, 50 tbr, 50k tbn
    Metadata:
      creation_time   : 2025-09-16T09:48:53.000000Z
      handler_name    : ?Mainconcept Video Media Handler
      vendor_id       : [0][0][0][0]
      encoder         : AVC Coding
  Stream #0:1(eng): Audio: aac (LC) (mp4a / 0x6134706D), 48000 Hz, stereo, fltp, 317 kb/s
    Metadata:
      creation_time   : 2025-09-16T09:48:53.000000Z
      handler_name    : #Mainconcept MP4 Sound Media Handler
      vendor_id       : [0][0][0][0]
Press [q] to stop, [?] for help
[mov,mp4,m4a,3gp,3g2,mj2 @ 000001b9de46bd40] Auto-inserting h264_mp4toannexb bitstream filter
[mov,mp4,m4a,3gp,3g2,mj2 @ 000001b9dd86db40] Auto-inserting h264_mp4toannexb bitstream filter
    Last message repeated 1 times
frame=18521 fps=0.0 q=-1.0 size=  302592KiB time=00:06:10.22 bitrate=6695.4kbits/s speed= 728x elapsed=0:00:00.50    
[mov,mp4,m4a,3gp,3g2,mj2 @ 000001b9dd86db40] Auto-inserting h264_mp4toannexb bitstream filter
    Last message repeated 3 times
frame=36539 fps=35597 q=-1.0 size=  597248KiB time=00:12:10.66 bitrate=6696.2kbits/s speed= 712x elapsed=0:00:01.02    
[mov,mp4,m4a,3gp,3g2,mj2 @ 000001b9dd86db40] Auto-inserting h264_mp4toannexb bitstream filter
    Last message repeated 1 times
[out#0/mp4 @ 000001b9dd26ee80] video:742377KiB audio:36881KiB subtitle:0KiB other streams:0KiB global headers:0KiB muxing overhead: 0.106862%
frame=47596 fps=35614 q=-1.0 Lsize=  780091KiB time=00:15:51.92 bitrate=6713.3kbits/s speed= 712x elapsed=0:00:01.33    


CMD: C:\Users\theel\Desktop\legoPy\ffmpeg-bin\ffmpeg.exe -y -f concat -safe 0 -i C:\Users\theel\AppData\Local\Temp\tmptnxnem35\files.txt -c copy C:\Users\theel\AppData\Local\Temp\tmptnxnem35\merged.mp4
RET: 0
OUT: 
ERR: ffmpeg version 2025-09-25-git-9970dc32bf-essentials_build-www.gyan.dev Copyright (c) 2000-2025 the FFmpeg developers
  built with gcc 15.2.0 (Rev8, Built by MSYS2 project)
  configuration: --enable-gpl --enable-version3 --enable-static --disable-w32threads --disable-autodetect --enable-fontconfig --enable-iconv --enable-gnutls --enable-libxml2 --enable-gmp --enable-bzlib --enable-lzma --enable-zlib --enable-libsrt --enable-libssh --enable-libzmq --enable-avisynth --enable-sdl2 --enable-libwebp --enable-libx264 --enable-libx265 --enable-libxvid --enable-libaom --enable-libopenjpeg --enable-libvpx --enable-mediafoundation --enable-libass --enable-libfreetype --enable-libfribidi --enable-libharfbuzz --enable-libvidstab --enable-libvmaf --enable-libzimg --enable-amf --enable-cuda-llvm --enable-cuvid --enable-dxva2 --enable-d3d11va --enable-d3d12va --enable-ffnvcodec --enable-libvpl --enable-nvdec --enable-nvenc --enable-vaapi --enable-openal --enable-libgme --enable-libopenmpt --enable-libopencore-amrwb --enable-libmp3lame --enable-libtheora --enable-libvo-amrwbenc --enable-libgsm --enable-libopencore-amrnb --enable-libopus --enable-libspeex --enable-libvorbis --enable-librubberband
  libavutil      60. 13.100 / 60. 13.100
  libavcodec     62. 16.100 / 62. 16.100
  libavformat    62.  6.100 / 62.  6.100
  libavdevice    62.  2.100 / 62.  2.100
  libavfilter    11.  9.100 / 11.  9.100
  libswscale      9.  3.100 /  9.  3.100
  libswresample   6.  2.100 /  6.  2.100
[mov,mp4,m4a,3gp,3g2,mj2 @ 000001df02f51980] Auto-inserting h264_mp4toannexb bitstream filter
Input #0, concat, from 'C:\Users\theel\AppData\Local\Temp\tmptnxnem35\files.txt':
  Duration: N/A, start: 0.000000, bitrate: 6690 kb/s
  Stream #0:0(eng): Video: h264 (High) (avc1 / 0x31637661), yuv420p(progressive), 1920x1080 [SAR 1:1 DAR 16:9], 6373 kb/s, 50 fps, 50 tbr, 50k tbn
    Metadata:
      creation_time   : 2025-09-16T09:48:53.000000Z
      handler_name    : ?Mainconcept Video Media Handler
      vendor_id       : [0][0][0][0]
      encoder         : AVC Coding
  Stream #0:1(eng): Audio: aac (LC) (mp4a / 0x6134706D), 48000 Hz, stereo, fltp, 317 kb/s
    Metadata:
      creation_time   : 2025-09-16T09:48:53.000000Z
      handler_name    : #Mainconcept MP4 Sound Media Handler
      vendor_id       : [0][0][0][0]
Stream mapping:
  Stream #0:0 -> #0:0 (copy)
  Stream #0:1 -> #0:1 (copy)
Output #0, mp4, to 'C:\Users\theel\AppData\Local\Temp\tmptnxnem35\merged.mp4':
  Metadata:
    encoder         : Lavf62.6.100
  Stream #0:0(eng): Video: h264 (High) (avc1 / 0x31637661), yuv420p(progressive), 1920x1080 [SAR 1:1 DAR 16:9], q=2-31, 6373 kb/s, 50 fps, 50 tbr, 50k tbn
    Metadata:
      creation_time   : 2025-09-16T09:48:53.000000Z
      handler_name    : ?Mainconcept Video Media Handler
      vendor_id       : [0][0][0][0]
      encoder         : AVC Coding
  Stream #0:1(eng): Audio: aac (LC) (mp4a / 0x6134706D), 48000 Hz, stereo, fltp, 317 kb/s
    Metadata:
      creation_time   : 2025-09-16T09:48:53.000000Z
      handler_name    : #Mainconcept MP4 Sound Media Handler
      vendor_id       : [0][0][0][0]
Press [q] to stop, [?] for help
[mov,mp4,m4a,3gp,3g2,mj2 @ 000001df0420bd40] Auto-inserting h264_mp4toannexb bitstream filter
    Last message repeated 1 times
[mov,mp4,m4a,3gp,3g2,mj2 @ 000001df02faec40] Auto-inserting h264_mp4toannexb bitstream filter
frame=18965 fps=0.0 q=-1.0 size=  310016KiB time=00:06:19.19 bitrate=6697.4kbits/s speed= 730x elapsed=0:00:00.51    
[mov,mp4,m4a,3gp,3g2,mj2 @ 000001df02faec40] Auto-inserting h264_mp4toannexb bitstream filter
    Last message repeated 2 times
[mov,mp4,m4a,3gp,3g2,mj2 @ 000001df02f58640] Auto-inserting h264_mp4toannexb bitstream filter
frame=36980 fps=35695 q=-1.0 size=  605696KiB time=00:12:19.46 bitrate=6710.1kbits/s speed= 714x elapsed=0:00:01.03    
[mov,mp4,m4a,3gp,3g2,mj2 @ 000001df02faec40] Auto-inserting h264_mp4toannexb bitstream filter
    Last message repeated 1 times
[out#0/mp4 @ 000001df0300ee80] video:742377KiB audio:36881KiB subtitle:0KiB other streams:0KiB global headers:0KiB muxing overhead: 0.106862%
frame=47596 fps=35545 q=-1.0 Lsize=  780091KiB time=00:15:51.92 bitrate=6713.3kbits/s speed= 711x elapsed=0:00:01.33    


CMD: C:\Users\theel\Desktop\legoPy\ffmpeg-bin\ffmpeg.exe -y -f concat -safe 0 -i C:\Users\theel\AppData\Local\Temp\tmpg0gqdb4a\files.txt -c copy C:\Users\theel\AppData\Local\Temp\tmpg0gqdb4a\merged.mp4
RET: 0
OUT: 
ERR: ffmpeg version 2025-09-25-git-9970dc32bf-essentials_build-www.gyan.dev Copyright (c) 2000-2025 the FFmpeg developers
  built with gcc 15.2.0 (Rev8, Built by MSYS2 project)
  configuration: --enable-gpl --enable-version3 --enable-static --disable-w32threads --disable-autodetect --enable-fontconfig --enable-iconv --enable-gnutls --enable-libxml2 --enable-gmp --enable-bzlib --enable-lzma --enable-zlib --enable-libsrt --enable-libssh --enable-libzmq --enable-avisynth --enable-sdl2 --enable-libwebp --enable-libx264 --enable-libx265 --enable-libxvid --enable-libaom --enable-libopenjpeg --enable-libvpx --enable-mediafoundation --enable-libass --enable-libfreetype --enable-libfribidi --enable-libharfbuzz --enable-libvidstab --enable-libvmaf --enable-libzimg --enable-amf --enable-cuda-llvm --enable-cuvid --enable-dxva2 --enable-d3d11va --enable-d3d12va --enable-ffnvcodec --enable-libvpl --enable-nvdec --enable-nvenc --enable-vaapi --enable-openal --enable-libgme --enable-libopenmpt --enable-libopencore-amrwb --enable-libmp3lame --enable-libtheora --enable-libvo-amrwbenc --enable-libgsm --enable-libopencore-amrnb --enable-libopus --enable-libspeex --enable-libvorbis --enable-librubberband
  libavutil      60. 13.100 / 60. 13.100
  libavcodec     62. 16.100 / 62. 16.100
  libavformat    62.  6.100 / 62.  6.100
  libavdevice    62.  2.100 / 62.  2.100
  libavfilter    11.  9.100 / 11.  9.100
  libswscale      9.  3.100 /  9.  3.100
  libswresample   6.  2.100 /  6.  2.100
[mov,mp4,m4a,3gp,3g2,mj2 @ 000001d977b81980] Auto-inserting h264_mp4toannexb bitstream filter
Input #0, concat, from 'C:\Users\theel\AppData\Local\Temp\tmpg0gqdb4a\files.txt':
  Duration: N/A, start: 0.000000, bitrate: 6690 kb/s
  Stream #0:0(eng): Video: h264 (High) (avc1 / 0x31637661), yuv420p(progressive), 1920x1080 [SAR 1:1 DAR 16:9], 6373 kb/s, 50 fps, 50 tbr, 50k tbn
    Metadata:
      creation_time   : 2025-09-16T09:48:53.000000Z
      handler_name    : ?Mainconcept Video Media Handler
      vendor_id       : [0][0][0][0]
      encoder         : AVC Coding
  Stream #0:1(eng): Audio: aac (LC) (mp4a / 0x6134706D), 48000 Hz, stereo, fltp, 317 kb/s
    Metadata:
      creation_time   : 2025-09-16T09:48:53.000000Z
      handler_name    : #Mainconcept MP4 Sound Media Handler
      vendor_id       : [0][0][0][0]
Stream mapping:
  Stream #0:0 -> #0:0 (copy)
  Stream #0:1 -> #0:1 (copy)
Output #0, mp4, to 'C:\Users\theel\AppData\Local\Temp\tmpg0gqdb4a\merged.mp4':
  Metadata:
    encoder         : Lavf62.6.100
  Stream #0:0(eng): Video: h264 (High) (avc1 / 0x31637661), yuv420p(progressive), 1920x1080 [SAR 1:1 DAR 16:9], q=2-31, 6373 kb/s, 50 fps, 50 tbr, 50k tbn
    Metadata:
      creation_time   : 2025-09-16T09:48:53.000000Z
      handler_name    : ?Mainconcept Video Media Handler
      vendor_id       : [0][0][0][0]
      encoder         : AVC Coding
  Stream #0:1(eng): Audio: aac (LC) (mp4a / 0x6134706D), 48000 Hz, stereo, fltp, 317 kb/s
    Metadata:
      creation_time   : 2025-09-16T09:48:53.000000Z
      handler_name    : #Mainconcept MP4 Sound Media Handler
      vendor_id       : [0][0][0][0]
Press [q] to stop, [?] for help
[mov,mp4,m4a,3gp,3g2,mj2 @ 000001d97a45bd40] Auto-inserting h264_mp4toannexb bitstream filter
    Last message repeated 2 times
frame=18798 fps=0.0 q=-1.0 size=  307968KiB time=00:06:15.76 bitrate=6713.9kbits/s speed= 731x elapsed=0:00:00.51    
[mov,mp4,m4a,3gp,3g2,mj2 @ 000001d97a45bd40] Auto-inserting h264_mp4toannexb bitstream filter
    Last message repeated 3 times
frame=36839 fps=35607 q=-1.0 size=  602880KiB time=00:12:16.59 bitrate=6704.9kbits/s speed= 712x elapsed=0:00:01.03    
[mov,mp4,m4a,3gp,3g2,mj2 @ 000001d97a45bd40] Auto-inserting h264_mp4toannexb bitstream filter
    Last message repeated 1 times
[out#0/mp4 @ 000001d977c3ee80] video:742377KiB audio:36881KiB subtitle:0KiB other streams:0KiB global headers:0KiB muxing overhead: 0.106862%
frame=47596 fps=35522 q=-1.0 Lsize=  780091KiB time=00:15:51.92 bitrate=6713.3kbits/s speed= 710x elapsed=0:00:01.33    


CMD: C:\Users\theel\Desktop\legoPy\ffmpeg-bin\ffmpeg.exe -y -f concat -safe 0 -i C:\Users\theel\AppData\Local\Temp\tmpqwsbumql\files.txt -c copy C:\Users\theel\AppData\Local\Temp\tmpqwsbumql\merged.mp4
RET: 0
OUT: 
ERR: ffmpeg version 2025-09-25-git-9970dc32bf-essentials_build-www.gyan.dev Copyright (c) 2000-2025 the FFmpeg developers
  built with gcc 15.2.0 (Rev8, Built by MSYS2 project)
  configuration: --enable-gpl --enable-version3 --enable-static --disable-w32threads --disable-autodetect --enable-fontconfig --enable-iconv --enable-gnutls --enable-libxml2 --enable-gmp --enable-bzlib --enable-lzma --enable-zlib --enable-libsrt --enable-libssh --enable-libzmq --enable-avisynth --enable-sdl2 --enable-libwebp --enable-libx264 --enable-libx265 --enable-libxvid --enable-libaom --enable-libopenjpeg --enable-libvpx --enable-mediafoundation --enable-libass --enable-libfreetype --enable-libfribidi --enable-libharfbuzz --enable-libvidstab --enable-libvmaf --enable-libzimg --enable-amf --enable-cuda-llvm --enable-cuvid --enable-dxva2 --enable-d3d11va --enable-d3d12va --enable-ffnvcodec --enable-libvpl --enable-nvdec --enable-nvenc --enable-vaapi --enable-openal --enable-libgme --enable-libopenmpt --enable-libopencore-amrwb --enable-libmp3lame --enable-libtheora --enable-libvo-amrwbenc --enable-libgsm --enable-libopencore-amrnb --enable-libopus --enable-libspeex --enable-libvorbis --enable-librubberband
  libavutil      60. 13.100 / 60. 13.100
  libavcodec     62. 16.100 / 62. 16.100
  libavformat    62.  6.100 / 62.  6.100
  libavdevice    62.  2.100 / 62.  2.100
  libavfilter    11.  9.100 / 11.  9.100
  libswscale      9.  3.100 /  9.  3.100
  libswresample   6.  2.100 /  6.  2.100
[mov,mp4,m4a,3gp,3g2,mj2 @ 000001e6a1f81b40] Auto-inserting h264_mp4toannexb bitstream filter
Input #0, concat, from 'C:\Users\theel\AppData\Local\Temp\tmpqwsbumql\files.txt':
  Duration: N/A, start: 0.000000, bitrate: 6703 kb/s
  Stream #0:0(eng): Video: h264 (High) (avc1 / 0x31637661), yuv420p(progressive), 1920x1080 [SAR 1:1 DAR 16:9], 6386 kb/s, 50 fps, 50 tbr, 50k tbn
    Metadata:
      creation_time   : 2025-09-16T09:51:34.000000Z
      handler_name    : ?Mainconcept Video Media Handler
      vendor_id       : [0][0][0][0]
      encoder         : AVC Coding
  Stream #0:1(eng): Audio: aac (LC) (mp4a / 0x6134706D), 48000 Hz, stereo, fltp, 317 kb/s
    Metadata:
      creation_time   : 2025-09-16T09:51:34.000000Z
      handler_name    : #Mainconcept MP4 Sound Media Handler
      vendor_id       : [0][0][0][0]
Stream mapping:
  Stream #0:0 -> #0:0 (copy)
  Stream #0:1 -> #0:1 (copy)
Output #0, mp4, to 'C:\Users\theel\AppData\Local\Temp\tmpqwsbumql\merged.mp4':
  Metadata:
    encoder         : Lavf62.6.100
  Stream #0:0(eng): Video: h264 (High) (avc1 / 0x31637661), yuv420p(progressive), 1920x1080 [SAR 1:1 DAR 16:9], q=2-31, 6386 kb/s, 50 fps, 50 tbr, 50k tbn
    Metadata:
      creation_time   : 2025-09-16T09:51:34.000000Z
      handler_name    : ?Mainconcept Video Media Handler
      vendor_id       : [0][0][0][0]
      encoder         : AVC Coding
  Stream #0:1(eng): Audio: aac (LC) (mp4a / 0x6134706D), 48000 Hz, stereo, fltp, 317 kb/s
    Metadata:
      creation_time   : 2025-09-16T09:51:34.000000Z
      handler_name    : #Mainconcept MP4 Sound Media Handler
      vendor_id       : [0][0][0][0]
Press [q] to stop, [?] for help
[mov,mp4,m4a,3gp,3g2,mj2 @ 000001e6a43b9d40] Auto-inserting h264_mp4toannexb bitstream filter
[mov,mp4,m4a,3gp,3g2,mj2 @ 000001e6a3df6980] Auto-inserting h264_mp4toannexb bitstream filter
    Last message repeated 1 times
frame=17340 fps=0.0 q=-1.0 size=  283904KiB time=00:05:46.56 bitrate=6710.9kbits/s speed= 662x elapsed=0:00:00.52    
[mov,mp4,m4a,3gp,3g2,mj2 @ 000001e6a3df6980] Auto-inserting h264_mp4toannexb bitstream filter
    Last message repeated 2 times
[mov,mp4,m4a,3gp,3g2,mj2 @ 000001e6a43b9d40] Auto-inserting h264_mp4toannexb bitstream filter
frame=34899 fps=33648 q=-1.0 size=  571392KiB time=00:11:37.78 bitrate=6708.1kbits/s speed= 673x elapsed=0:00:01.03    
[mov,mp4,m4a,3gp,3g2,mj2 @ 000001e6a43b9d40] Auto-inserting h264_mp4toannexb bitstream filter
    Last message repeated 1 times
[mov,mp4,m4a,3gp,3g2,mj2 @ 000001e6a3980f80] Auto-inserting h264_mp4toannexb bitstream filter
[out#0/mp4 @ 000001e6a1f73e40] video:833272KiB audio:41398KiB subtitle:0KiB other streams:0KiB global headers:0KiB muxing overhead: 0.106848%
frame=53426 fps=34578 q=-1.0 Lsize=  875605KiB time=00:17:48.52 bitrate=6713.0kbits/s speed= 692x elapsed=0:00:01.54    


CMD: C:\Users\theel\Desktop\legoPy\ffmpeg-bin\ffmpeg.exe -y -f concat -safe 0 -i C:\Users\theel\AppData\Local\Temp\tmpf3kjk7vo\files.txt -c copy C:\Users\theel\AppData\Local\Temp\tmpf3kjk7vo\merged.mp4
RET: 0
OUT: 
ERR: ffmpeg version 2025-09-25-git-9970dc32bf-essentials_build-www.gyan.dev Copyright (c) 2000-2025 the FFmpeg developers
  built with gcc 15.2.0 (Rev8, Built by MSYS2 project)
  configuration: --enable-gpl --enable-version3 --enable-static --disable-w32threads --disable-autodetect --enable-fontconfig --enable-iconv --enable-gnutls --enable-libxml2 --enable-gmp --enable-bzlib --enable-lzma --enable-zlib --enable-libsrt --enable-libssh --enable-libzmq --enable-avisynth --enable-sdl2 --enable-libwebp --enable-libx264 --enable-libx265 --enable-libxvid --enable-libaom --enable-libopenjpeg --enable-libvpx --enable-mediafoundation --enable-libass --enable-libfreetype --enable-libfribidi --enable-libharfbuzz --enable-libvidstab --enable-libvmaf --enable-libzimg --enable-amf --enable-cuda-llvm --enable-cuvid --enable-dxva2 --enable-d3d11va --enable-d3d12va --enable-ffnvcodec --enable-libvpl --enable-nvdec --enable-nvenc --enable-vaapi --enable-openal --enable-libgme --enable-libopenmpt --enable-libopencore-amrwb --enable-libmp3lame --enable-libtheora --enable-libvo-amrwbenc --enable-libgsm --enable-libopencore-amrnb --enable-libopus --enable-libspeex --enable-libvorbis --enable-librubberband
  libavutil      60. 13.100 / 60. 13.100
  libavcodec     62. 16.100 / 62. 16.100
  libavformat    62.  6.100 / 62.  6.100
  libavdevice    62.  2.100 / 62.  2.100
  libavfilter    11.  9.100 / 11.  9.100
  libswscale      9.  3.100 /  9.  3.100
  libswresample   6.  2.100 /  6.  2.100
[mov,mp4,m4a,3gp,3g2,mj2 @ 00000147085c1a80] Auto-inserting h264_mp4toannexb bitstream filter
Input #0, concat, from 'C:\Users\theel\AppData\Local\Temp\tmpf3kjk7vo\files.txt':
  Duration: N/A, start: 0.000000, bitrate: 6590 kb/s
  Stream #0:0(eng): Video: h264 (High) (avc1 / 0x31637661), yuv420p(progressive), 1920x1080 [SAR 1:1 DAR 16:9], 6273 kb/s, 50 fps, 50 tbr, 50k tbn
    Metadata:
      creation_time   : 2025-09-16T09:48:11.000000Z
      handler_name    : ?Mainconcept Video Media Handler
      vendor_id       : [0][0][0][0]
      encoder         : AVC Coding
  Stream #0:1(eng): Audio: aac (LC) (mp4a / 0x6134706D), 48000 Hz, stereo, fltp, 317 kb/s
    Metadata:
      creation_time   : 2025-09-16T09:48:11.000000Z
      handler_name    : #Mainconcept MP4 Sound Media Handler
      vendor_id       : [0][0][0][0]
Stream mapping:
  Stream #0:0 -> #0:0 (copy)
  Stream #0:1 -> #0:1 (copy)
Output #0, mp4, to 'C:\Users\theel\AppData\Local\Temp\tmpf3kjk7vo\merged.mp4':
  Metadata:
    encoder         : Lavf62.6.100
  Stream #0:0(eng): Video: h264 (High) (avc1 / 0x31637661), yuv420p(progressive), 1920x1080 [SAR 1:1 DAR 16:9], q=2-31, 6273 kb/s, 50 fps, 50 tbr, 50k tbn
    Metadata:
      creation_time   : 2025-09-16T09:48:11.000000Z
      handler_name    : ?Mainconcept Video Media Handler
      vendor_id       : [0][0][0][0]
      encoder         : AVC Coding
  Stream #0:1(eng): Audio: aac (LC) (mp4a / 0x6134706D), 48000 Hz, stereo, fltp, 317 kb/s
    Metadata:
      creation_time   : 2025-09-16T09:48:11.000000Z
      handler_name    : #Mainconcept MP4 Sound Media Handler
      vendor_id       : [0][0][0][0]
Press [q] to stop, [?] for help
[mov,mp4,m4a,3gp,3g2,mj2 @ 00000147085c4180] Auto-inserting h264_mp4toannexb bitstream filter
[mov,mp4,m4a,3gp,3g2,mj2 @ 000001470a302fc0] Auto-inserting h264_mp4toannexb bitstream filter
    Last message repeated 1 times
frame=16863 fps=0.0 q=-1.0 size=  276480KiB time=00:05:37.09 bitrate=6718.9kbits/s speed= 653x elapsed=0:00:00.51    
[mov,mp4,m4a,3gp,3g2,mj2 @ 000001470a302fc0] Auto-inserting h264_mp4toannexb bitstream filter
    Last message repeated 3 times
frame=34100 fps=33116 q=-1.0 size=  557824KiB time=00:11:22.00 bitrate=6700.4kbits/s speed= 662x elapsed=0:00:01.02    
[mov,mp4,m4a,3gp,3g2,mj2 @ 000001470acf0d00] Auto-inserting h264_mp4toannexb bitstream filter
    Last message repeated 1 times
[mov,mp4,m4a,3gp,3g2,mj2 @ 000001470a0a3b40] Auto-inserting h264_mp4toannexb bitstream filter
[out#0/mp4 @ 000001470a950e40] video:777694KiB audio:38668KiB subtitle:0KiB other streams:0KiB global headers:0KiB muxing overhead: 0.106940%
frame=49902 fps=33692 q=-1.0 Lsize=  817234KiB time=00:16:38.04 bitrate=6707.9kbits/s speed= 674x elapsed=0:00:01.48    


CMD: C:\Users\theel\Desktop\legoPy\ffmpeg-bin\ffmpeg.exe -y -f concat -safe 0 -i C:\Users\theel\AppData\Local\Temp\tmpp34m34xt\files.txt -c copy C:\Users\theel\AppData\Local\Temp\tmpp34m34xt\merged.mp4
RET: 0
OUT: 
ERR: ffmpeg version 2025-09-25-git-9970dc32bf-essentials_build-www.gyan.dev Copyright (c) 2000-2025 the FFmpeg developers
  built with gcc 15.2.0 (Rev8, Built by MSYS2 project)
  configuration: --enable-gpl --enable-version3 --enable-static --disable-w32threads --disable-autodetect --enable-fontconfig --enable-iconv --enable-gnutls --enable-libxml2 --enable-gmp --enable-bzlib --enable-lzma --enable-zlib --enable-libsrt --enable-libssh --enable-libzmq --enable-avisynth --enable-sdl2 --enable-libwebp --enable-libx264 --enable-libx265 --enable-libxvid --enable-libaom --enable-libopenjpeg --enable-libvpx --enable-mediafoundation --enable-libass --enable-libfreetype --enable-libfribidi --enable-libharfbuzz --enable-libvidstab --enable-libvmaf --enable-libzimg --enable-amf --enable-cuda-llvm --enable-cuvid --enable-dxva2 --enable-d3d11va --enable-d3d12va --enable-ffnvcodec --enable-libvpl --enable-nvdec --enable-nvenc --enable-vaapi --enable-openal --enable-libgme --enable-libopenmpt --enable-libopencore-amrwb --enable-libmp3lame --enable-libtheora --enable-libvo-amrwbenc --enable-libgsm --enable-libopencore-amrnb --enable-libopus --enable-libspeex --enable-libvorbis --enable-librubberband
  libavutil      60. 13.100 / 60. 13.100
  libavcodec     62. 16.100 / 62. 16.100
  libavformat    62.  6.100 / 62.  6.100
  libavdevice    62.  2.100 / 62.  2.100
  libavfilter    11.  9.100 / 11.  9.100
  libswscale      9.  3.100 /  9.  3.100
  libswresample   6.  2.100 /  6.  2.100
[mov,mp4,m4a,3gp,3g2,mj2 @ 000001a696151a80] Auto-inserting h264_mp4toannexb bitstream filter
Input #0, concat, from 'C:\Users\theel\AppData\Local\Temp\tmpp34m34xt\files.txt':
  Duration: N/A, start: 0.000000, bitrate: 6690 kb/s
  Stream #0:0(eng): Video: h264 (High) (avc1 / 0x31637661), yuv420p(progressive), 1920x1080 [SAR 1:1 DAR 16:9], 6373 kb/s, 50 fps, 50 tbr, 50k tbn
    Metadata:
      creation_time   : 2025-09-16T09:48:53.000000Z
      handler_name    : ?Mainconcept Video Media Handler
      vendor_id       : [0][0][0][0]
      encoder         : AVC Coding
  Stream #0:1(eng): Audio: aac (LC) (mp4a / 0x6134706D), 48000 Hz, stereo, fltp, 317 kb/s
    Metadata:
      creation_time   : 2025-09-16T09:48:53.000000Z
      handler_name    : #Mainconcept MP4 Sound Media Handler
      vendor_id       : [0][0][0][0]
Stream mapping:
  Stream #0:0 -> #0:0 (copy)
  Stream #0:1 -> #0:1 (copy)
Output #0, mp4, to 'C:\Users\theel\AppData\Local\Temp\tmpp34m34xt\merged.mp4':
  Metadata:
    encoder         : Lavf62.6.100
  Stream #0:0(eng): Video: h264 (High) (avc1 / 0x31637661), yuv420p(progressive), 1920x1080 [SAR 1:1 DAR 16:9], q=2-31, 6373 kb/s, 50 fps, 50 tbr, 50k tbn
    Metadata:
      creation_time   : 2025-09-16T09:48:53.000000Z
      handler_name    : ?Mainconcept Video Media Handler
      vendor_id       : [0][0][0][0]
      encoder         : AVC Coding
  Stream #0:1(eng): Audio: aac (LC) (mp4a / 0x6134706D), 48000 Hz, stereo, fltp, 317 kb/s
    Metadata:
      creation_time   : 2025-09-16T09:48:53.000000Z
      handler_name    : #Mainconcept MP4 Sound Media Handler
      vendor_id       : [0][0][0][0]
Press [q] to stop, [?] for help
[mov,mp4,m4a,3gp,3g2,mj2 @ 000001a696806840] Auto-inserting h264_mp4toannexb bitstream filter
[mov,mp4,m4a,3gp,3g2,mj2 @ 000001a696d7a040] Auto-inserting h264_mp4toannexb bitstream filter
    Last message repeated 1 times
frame=17077 fps=0.0 q=-1.0 size=  279552KiB time=00:05:41.54 bitrate=6705.2kbits/s speed= 664x elapsed=0:00:00.51    
[mov,mp4,m4a,3gp,3g2,mj2 @ 000001a696d7a040] Auto-inserting h264_mp4toannexb bitstream filter
[mov,mp4,m4a,3gp,3g2,mj2 @ 000001a6971514c0] Auto-inserting h264_mp4toannexb bitstream filter
    Last message repeated 2 times
frame=34338 fps=33347 q=-1.0 size=  562176KiB time=00:11:26.56 bitrate=6707.8kbits/s speed= 667x elapsed=0:00:01.02    
[mov,mp4,m4a,3gp,3g2,mj2 @ 000001a6971514c0] Auto-inserting h264_mp4toannexb bitstream filter
    Last message repeated 2 times
[out#0/mp4 @ 000001a696143e40] video:805684KiB audio:40034KiB subtitle:0KiB other streams:0KiB global headers:0KiB muxing overhead: 0.106869%
frame=51665 fps=33776 q=-1.0 Lsize=  846622KiB time=00:17:13.30 bitrate=6712.0kbits/s speed= 676x elapsed=0:00:01.52    


CMD: C:\Users\theel\Desktop\legoPy\ffmpeg-bin\ffmpeg.exe -y -f concat -safe 0 -i C:\Users\theel\AppData\Local\Temp\tmp5msm_n78\files.txt -c copy C:\Users\theel\AppData\Local\Temp\tmp5msm_n78\merged.mp4
RET: 0
OUT: 
ERR: ffmpeg version 2025-09-25-git-9970dc32bf-essentials_build-www.gyan.dev Copyright (c) 2000-2025 the FFmpeg developers
  built with gcc 15.2.0 (Rev8, Built by MSYS2 project)
  configuration: --enable-gpl --enable-version3 --enable-static --disable-w32threads --disable-autodetect --enable-fontconfig --enable-iconv --enable-gnutls --enable-libxml2 --enable-gmp --enable-bzlib --enable-lzma --enable-zlib --enable-libsrt --enable-libssh --enable-libzmq --enable-avisynth --enable-sdl2 --enable-libwebp --enable-libx264 --enable-libx265 --enable-libxvid --enable-libaom --enable-libopenjpeg --enable-libvpx --enable-mediafoundation --enable-libass --enable-libfreetype --enable-libfribidi --enable-libharfbuzz --enable-libvidstab --enable-libvmaf --enable-libzimg --enable-amf --enable-cuda-llvm --enable-cuvid --enable-dxva2 --enable-d3d11va --enable-d3d12va --enable-ffnvcodec --enable-libvpl --enable-nvdec --enable-nvenc --enable-vaapi --enable-openal --enable-libgme --enable-libopenmpt --enable-libopencore-amrwb --enable-libmp3lame --enable-libtheora --enable-libvo-amrwbenc --enable-libgsm --enable-libopencore-amrnb --enable-libopus --enable-libspeex --enable-libvorbis --enable-librubberband
  libavutil      60. 13.100 / 60. 13.100
  libavcodec     62. 16.100 / 62. 16.100
  libavformat    62.  6.100 / 62.  6.100
  libavdevice    62.  2.100 / 62.  2.100
  libavfilter    11.  9.100 / 11.  9.100
  libswscale      9.  3.100 /  9.  3.100
  libswresample   6.  2.100 /  6.  2.100
[mov,mp4,m4a,3gp,3g2,mj2 @ 0000020b7f021a80] Auto-inserting h264_mp4toannexb bitstream filter
Input #0, concat, from 'C:\Users\theel\AppData\Local\Temp\tmp5msm_n78\files.txt':
  Duration: N/A, start: 0.000000, bitrate: 6702 kb/s
  Stream #0:0(eng): Video: h264 (High) (avc1 / 0x31637661), yuv420p(progressive), 1920x1080 [SAR 1:1 DAR 16:9], 6385 kb/s, 50 fps, 50 tbr, 50k tbn
    Metadata:
      creation_time   : 2025-09-16T09:49:28.000000Z
      handler_name    : ?Mainconcept Video Media Handler
      vendor_id       : [0][0][0][0]
      encoder         : AVC Coding
  Stream #0:1(eng): Audio: aac (LC) (mp4a / 0x6134706D), 48000 Hz, stereo, fltp, 317 kb/s
    Metadata:
      creation_time   : 2025-09-16T09:49:28.000000Z
      handler_name    : #Mainconcept MP4 Sound Media Handler
      vendor_id       : [0][0][0][0]
Stream mapping:
  Stream #0:0 -> #0:0 (copy)
  Stream #0:1 -> #0:1 (copy)
Output #0, mp4, to 'C:\Users\theel\AppData\Local\Temp\tmp5msm_n78\merged.mp4':
  Metadata:
    encoder         : Lavf62.6.100
  Stream #0:0(eng): Video: h264 (High) (avc1 / 0x31637661), yuv420p(progressive), 1920x1080 [SAR 1:1 DAR 16:9], q=2-31, 6385 kb/s, 50 fps, 50 tbr, 50k tbn
    Metadata:
      creation_time   : 2025-09-16T09:49:28.000000Z
      handler_name    : ?Mainconcept Video Media Handler
      vendor_id       : [0][0][0][0]
      encoder         : AVC Coding
  Stream #0:1(eng): Audio: aac (LC) (mp4a / 0x6134706D), 48000 Hz, stereo, fltp, 317 kb/s
    Metadata:
      creation_time   : 2025-09-16T09:49:28.000000Z
      handler_name    : #Mainconcept MP4 Sound Media Handler
      vendor_id       : [0][0][0][0]
Press [q] to stop, [?] for help
[mov,mp4,m4a,3gp,3g2,mj2 @ 0000020b7f054580] Auto-inserting h264_mp4toannexb bitstream filter
    Last message repeated 1 times
[mov,mp4,m4a,3gp,3g2,mj2 @ 0000020b7f210d40] Auto-inserting h264_mp4toannexb bitstream filter
frame=17029 fps=0.0 q=-1.0 size=  278528KiB time=00:05:40.30 bitrate=6704.9kbits/s speed= 671x elapsed=0:00:00.50    
[mov,mp4,m4a,3gp,3g2,mj2 @ 0000020b7f210d40] Auto-inserting h264_mp4toannexb bitstream filter
    Last message repeated 3 times
frame=34776 fps=33927 q=-1.0 size=  569088KiB time=00:11:35.37 bitrate=6704.3kbits/s speed= 678x elapsed=0:00:01.02    
[mov,mp4,m4a,3gp,3g2,mj2 @ 0000020b7f210d40] Auto-inserting h264_mp4toannexb bitstream filter
    Last message repeated 2 times
[out#0/mp4 @ 0000020b7f6de080] video:798918KiB audio:39692KiB subtitle:0KiB other streams:0KiB global headers:0KiB muxing overhead: 0.106853%
frame=51223 fps=34094 q=-1.0 Lsize=  839506KiB time=00:17:04.46 bitrate=6713.0kbits/s speed= 682x elapsed=0:00:01.50    


CMD: C:\Users\theel\Desktop\legoPy\ffmpeg-bin\ffmpeg.exe -y -f concat -safe 0 -i C:\Users\theel\AppData\Local\Temp\tmpys7uz40h\files.txt -c copy C:\Users\theel\AppData\Local\Temp\tmpys7uz40h\merged.mp4
RET: 0
OUT: 
ERR: ffmpeg version 2025-09-25-git-9970dc32bf-essentials_build-www.gyan.dev Copyright (c) 2000-2025 the FFmpeg developers
  built with gcc 15.2.0 (Rev8, Built by MSYS2 project)
  configuration: --enable-gpl --enable-version3 --enable-static --disable-w32threads --disable-autodetect --enable-fontconfig --enable-iconv --enable-gnutls --enable-libxml2 --enable-gmp --enable-bzlib --enable-lzma --enable-zlib --enable-libsrt --enable-libssh --enable-libzmq --enable-avisynth --enable-sdl2 --enable-libwebp --enable-libx264 --enable-libx265 --enable-libxvid --enable-libaom --enable-libopenjpeg --enable-libvpx --enable-mediafoundation --enable-libass --enable-libfreetype --enable-libfribidi --enable-libharfbuzz --enable-libvidstab --enable-libvmaf --enable-libzimg --enable-amf --enable-cuda-llvm --enable-cuvid --enable-dxva2 --enable-d3d11va --enable-d3d12va --enable-ffnvcodec --enable-libvpl --enable-nvdec --enable-nvenc --enable-vaapi --enable-openal --enable-libgme --enable-libopenmpt --enable-libopencore-amrwb --enable-libmp3lame --enable-libtheora --enable-libvo-amrwbenc --enable-libgsm --enable-libopencore-amrnb --enable-libopus --enable-libspeex --enable-libvorbis --enable-librubberband
  libavutil      60. 13.100 / 60. 13.100
  libavcodec     62. 16.100 / 62. 16.100
  libavformat    62.  6.100 / 62.  6.100
  libavdevice    62.  2.100 / 62.  2.100
  libavfilter    11.  9.100 / 11.  9.100
  libswscale      9.  3.100 /  9.  3.100
  libswresample   6.  2.100 /  6.  2.100
[mov,mp4,m4a,3gp,3g2,mj2 @ 00000164fb9f1a80] Auto-inserting h264_mp4toannexb bitstream filter
Input #0, concat, from 'C:\Users\theel\AppData\Local\Temp\tmpys7uz40h\files.txt':
  Duration: N/A, start: 0.000000, bitrate: 6702 kb/s
  Stream #0:0(eng): Video: h264 (High) (avc1 / 0x31637661), yuv420p(progressive), 1920x1080 [SAR 1:1 DAR 16:9], 6385 kb/s, 50 fps, 50 tbr, 50k tbn
    Metadata:
      creation_time   : 2025-09-16T09:49:28.000000Z
      handler_name    : ?Mainconcept Video Media Handler
      vendor_id       : [0][0][0][0]
      encoder         : AVC Coding
  Stream #0:1(eng): Audio: aac (LC) (mp4a / 0x6134706D), 48000 Hz, stereo, fltp, 317 kb/s
    Metadata:
      creation_time   : 2025-09-16T09:49:28.000000Z
      handler_name    : #Mainconcept MP4 Sound Media Handler
      vendor_id       : [0][0][0][0]
Stream mapping:
  Stream #0:0 -> #0:0 (copy)
  Stream #0:1 -> #0:1 (copy)
Output #0, mp4, to 'C:\Users\theel\AppData\Local\Temp\tmpys7uz40h\merged.mp4':
  Metadata:
    encoder         : Lavf62.6.100
  Stream #0:0(eng): Video: h264 (High) (avc1 / 0x31637661), yuv420p(progressive), 1920x1080 [SAR 1:1 DAR 16:9], q=2-31, 6385 kb/s, 50 fps, 50 tbr, 50k tbn
    Metadata:
      creation_time   : 2025-09-16T09:49:28.000000Z
      handler_name    : ?Mainconcept Video Media Handler
      vendor_id       : [0][0][0][0]
      encoder         : AVC Coding
  Stream #0:1(eng): Audio: aac (LC) (mp4a / 0x6134706D), 48000 Hz, stereo, fltp, 317 kb/s
    Metadata:
      creation_time   : 2025-09-16T09:49:28.000000Z
      handler_name    : #Mainconcept MP4 Sound Media Handler
      vendor_id       : [0][0][0][0]
Press [q] to stop, [?] for help
[mov,mp4,m4a,3gp,3g2,mj2 @ 00000164fb9f4180] Auto-inserting h264_mp4toannexb bitstream filter
    Last message repeated 1 times
[mov,mp4,m4a,3gp,3g2,mj2 @ 00000164fd6cddc0] Auto-inserting h264_mp4toannexb bitstream filter
frame=17245 fps=0.0 q=-1.0 size=  281856KiB time=00:05:44.70 bitrate=6698.5kbits/s speed= 672x elapsed=0:00:00.51    
[mov,mp4,m4a,3gp,3g2,mj2 @ 00000164fdb70d40] Auto-inserting h264_mp4toannexb bitstream filter
[mov,mp4,m4a,3gp,3g2,mj2 @ 00000164fb9f4180] Auto-inserting h264_mp4toannexb bitstream filter
    Last message repeated 1 times
[mov,mp4,m4a,3gp,3g2,mj2 @ 00000164fdb70d40] Auto-inserting h264_mp4toannexb bitstream filter
frame=35359 fps=34357 q=-1.0 size=  579072KiB time=00:11:47.12 bitrate=6708.6kbits/s speed= 687x elapsed=0:00:01.02    
[mov,mp4,m4a,3gp,3g2,mj2 @ 00000164fb9f4180] Auto-inserting h264_mp4toannexb bitstream filter
    Last message repeated 2 times
[out#0/mp4 @ 00000164fd6ce080] video:798918KiB audio:39692KiB subtitle:0KiB other streams:0KiB global headers:0KiB muxing overhead: 0.106853%
frame=51223 fps=34461 q=-1.0 Lsize=  839506KiB time=00:17:04.46 bitrate=6713.0kbits/s speed= 689x elapsed=0:00:01.48    


CMD: C:\Users\theel\Desktop\legoPy\ffmpeg-bin\ffmpeg.exe -y -f concat -safe 0 -i C:\Users\theel\AppData\Local\Temp\tmp51jwpqyo\files.txt -c copy C:\Users\theel\AppData\Local\Temp\tmp51jwpqyo\merged.mp4
RET: 0
OUT: 
ERR: ffmpeg version 2025-09-25-git-9970dc32bf-essentials_build-www.gyan.dev Copyright (c) 2000-2025 the FFmpeg developers
  built with gcc 15.2.0 (Rev8, Built by MSYS2 project)
  configuration: --enable-gpl --enable-version3 --enable-static --disable-w32threads --disable-autodetect --enable-fontconfig --enable-iconv --enable-gnutls --enable-libxml2 --enable-gmp --enable-bzlib --enable-lzma --enable-zlib --enable-libsrt --enable-libssh --enable-libzmq --enable-avisynth --enable-sdl2 --enable-libwebp --enable-libx264 --enable-libx265 --enable-libxvid --enable-libaom --enable-libopenjpeg --enable-libvpx --enable-mediafoundation --enable-libass --enable-libfreetype --enable-libfribidi --enable-libharfbuzz --enable-libvidstab --enable-libvmaf --enable-libzimg --enable-amf --enable-cuda-llvm --enable-cuvid --enable-dxva2 --enable-d3d11va --enable-d3d12va --enable-ffnvcodec --enable-libvpl --enable-nvdec --enable-nvenc --enable-vaapi --enable-openal --enable-libgme --enable-libopenmpt --enable-libopencore-amrwb --enable-libmp3lame --enable-libtheora --enable-libvo-amrwbenc --enable-libgsm --enable-libopencore-amrnb --enable-libopus --enable-libspeex --enable-libvorbis --enable-librubberband
  libavutil      60. 13.100 / 60. 13.100
  libavcodec     62. 16.100 / 62. 16.100
  libavformat    62.  6.100 / 62.  6.100
  libavdevice    62.  2.100 / 62.  2.100
  libavfilter    11.  9.100 / 11.  9.100
  libswscale      9.  3.100 /  9.  3.100
  libswresample   6.  2.100 /  6.  2.100
[mov,mp4,m4a,3gp,3g2,mj2 @ 00000214468356c0] Auto-inserting h264_mp4toannexb bitstream filter
Input #0, concat, from 'C:\Users\theel\AppData\Local\Temp\tmp51jwpqyo\files.txt':
  Duration: N/A, start: 0.000000, bitrate: 6690 kb/s
  Stream #0:0(eng): Video: h264 (High) (avc1 / 0x31637661), yuv420p(progressive), 1920x1080 [SAR 1:1 DAR 16:9], 6373 kb/s, 50 fps, 50 tbr, 50k tbn
    Metadata:
      creation_time   : 2025-09-16T09:48:53.000000Z
      handler_name    : ?Mainconcept Video Media Handler
      vendor_id       : [0][0][0][0]
      encoder         : AVC Coding
  Stream #0:1(eng): Audio: aac (LC) (mp4a / 0x6134706D), 48000 Hz, stereo, fltp, 317 kb/s
    Metadata:
      creation_time   : 2025-09-16T09:48:53.000000Z
      handler_name    : #Mainconcept MP4 Sound Media Handler
      vendor_id       : [0][0][0][0]
Stream mapping:
  Stream #0:0 -> #0:0 (copy)
  Stream #0:1 -> #0:1 (copy)
Output #0, mp4, to 'C:\Users\theel\AppData\Local\Temp\tmp51jwpqyo\merged.mp4':
  Metadata:
    encoder         : Lavf62.6.100
  Stream #0:0(eng): Video: h264 (High) (avc1 / 0x31637661), yuv420p(progressive), 1920x1080 [SAR 1:1 DAR 16:9], q=2-31, 6373 kb/s, 50 fps, 50 tbr, 50k tbn
    Metadata:
      creation_time   : 2025-09-16T09:48:53.000000Z
      handler_name    : ?Mainconcept Video Media Handler
      vendor_id       : [0][0][0][0]
      encoder         : AVC Coding
  Stream #0:1(eng): Audio: aac (LC) (mp4a / 0x6134706D), 48000 Hz, stereo, fltp, 317 kb/s
    Metadata:
      creation_time   : 2025-09-16T09:48:53.000000Z
      handler_name    : #Mainconcept MP4 Sound Media Handler
      vendor_id       : [0][0][0][0]
Press [q] to stop, [?] for help
[out#0/mp4 @ 0000021446a11a00] video:63307KiB audio:3153KiB subtitle:0KiB other streams:0KiB global headers:0KiB muxing overhead: 0.109041%
frame= 4069 fps=0.0 q=-1.0 Lsize=   66533KiB time=00:01:21.38 bitrate=6697.4kbits/s speed= 785x elapsed=0:00:00.10    

